Nothing to build in platform 'astar_HW'

16:45:17 **** Incremental Build of configuration Debug for project astar_api ****
make all 
make --no-print-directory pre-build
a9-linaro-pre-build-step
' '
make --no-print-directory main-build
'Building file: ../src/main.c'
'Invoking: ARM v7 gcc compiler'
arm-none-eabi-gcc -Wall -O0 -g3 -c -fmessage-length=0 -MT"src/main.o" -mcpu=cortex-a9 -mfpu=vfpv3 -mfloat-abi=hard -IC:/Users/dawid/SDUP/astar_pathfinder_co-processor_on_fpga/astar/astar_HW/export/astar_HW/sw/astar_HW/standalone_domain/bspinclude/include -MMD -MP -MF"src/main.d" -MT"src/main.o" -o "src/main.o" "../src/main.c"
'Finished building: ../src/main.c'
' '
'Building target: astar_api.elf'
'Invoking: ARM v7 gcc linker'
arm-none-eabi-gcc -mcpu=cortex-a9 -mfpu=vfpv3 -mfloat-abi=hard -Wl,-build-id=none -specs=Xilinx.spec -Wl,-T -Wl,../src/lscript.ld -LC:/Users/dawid/SDUP/astar_pathfinder_co-processor_on_fpga/astar/astar_HW/export/astar_HW/sw/astar_HW/standalone_domain/bsplib/lib -o "astar_api.elf"  ./src/main.o   -Wl,--start-group,-lxil,-lgcc,-lc,--end-group
'Finished building target: astar_api.elf'
' '
'Invoking: ARM v7 Print Size'
arm-none-eabi-size astar_api.elf  |tee "astar_api.elf.size"
   text	   data	    bss	    dec	    hex	filename
  70084	   3476	  24832	  98392	  18058	astar_api.elf
'Finished building: astar_api.elf.size'
' '
